2025/11/24 22:36:27 [testMake] Testing Makefile exists and can compile mts, 1.00
2025/11/24 22:36:27 [COMMAND]: /usr/bin/make -C submissions/milesbazay/p2 clean
2025/11/24 22:36:27 make: Entering directory '/home/clarkzjw/csc360_fall25/marking/p2/a03/submissions/milesbazay/p2'
rm -f *.o
rm -f mts output.txt
make: Leaving directory '/home/clarkzjw/csc360_fall25/marking/p2/a03/submissions/milesbazay/p2'
2025/11/24 22:36:27 [COMMAND]: /usr/bin/make -C submissions/milesbazay/p2
2025/11/24 22:36:27 make: Entering directory '/home/clarkzjw/csc360_fall25/marking/p2/a03/submissions/milesbazay/p2'
gcc -Wall -pthread -g -o mts mts.c
make: Leaving directory '/home/clarkzjw/csc360_fall25/marking/p2/a03/submissions/milesbazay/p2'
2025/11/24 22:36:27 ==== Test name: testMake, Mark received: 1.00 ====

2025/11/24 22:36:28 [testREADME] Testing README file exists, 1.00
2025/11/24 22:36:28 [testREADME] README content: 
My mts.c program should be fully working. 
If given a properly formatted input file it will seperate each line into a train thread per line.
These trains will have a direction, a priority, a loading time and a crossing time which are all initialized using a struct. 
On top of each train thread there is a controller thread that manages the scheduling for all the trains.

The scheduling logic is as follows:
If there is one train with priority in either direction then that train is scheduled first.
If there is a train with high priority in both directions that it will alternate direction, if no last direction is known then it will schedule the east bound train first. 
If there are no high priority trains ready then the same process is used to determine the next low priority train. 
Lastly it updates the next direction, briefly waits and decreases the trains remaining by one.

The train thread simulates loading time, locks the station mutex and prints it's status.
After this the train enqueues itself and signals to the controller that it is ready.
It waits for its turn to unlock the station mutex.
once it starts moving it locks this mutex again and simulates crossing.
At the beggining and end of the crossing it prints its status.

I was having some trouble with high priority trains leaving the station after low priority trains with the same load time.
This was because the controller thread would check the train readiness the instead a train is ready.
This caused low priority trains that were ready very slightly earlier to be queued first.
To solve this issue I added a 1000 nanosecond increase to low priority train load times.
This seemed to fix the issue, now all high priority trains that load at the same time as low priority trains will depart first. 

The make file I have will compile the mts.c on 'make'. 'make clean' will remove the output file and other files created by the program. 
To run the program first compile with make and then use ./mts input.txt
2025/11/24 22:36:28 Do you want to award mark for this test? (y/n or input a floating number between [0, 1.00]): 
2025/11/24 22:36:29 mark received: y
2025/11/24 22:36:29 ==== Test name: testREADME, Mark received: 1.00 ====

2025/11/24 22:36:30 [testExecMTS] Testing your mts can be executed with one command line parameter, i.e., input.txt, 2.00
2025/11/24 22:36:30 [testExecMTS] Testing self-provided input case
2025/11/24 22:36:30 input.txt: 
e 10 6
W 6 7
E 3 10

2025/11/24 22:36:30 [COMMAND]: ./mts input.txt
2025/11/24 22:36:33 
2025/11/24 22:36:33 [testExecMTS] exec mts succeed and output.txt found
2025/11/24 22:36:33 [testExecMTS] output.txt content: 
Train  2 is ready to go East
Train  2 is ON the main track going East
Train  1 is ready to go West
Train  0 is ready to go East
Train  2 is OFF the main track after after going East
Train  1 is ON the main track going West
Train  1 is OFF the main track after after going West
Train  0 is ON the main track going East
Train  0 is OFF the main track after after going East
2025/11/24 22:36:33 Do you want to award mark for this test? (y/n or input a floating number between [0, 2.00]): 
2025/11/24 22:36:35 mark received: y
2025/11/24 22:36:35 ==== Test name: testExecMTS, Mark received: 2.00 ====

2025/11/24 22:36:36 [testExecMTSMultiple] Testing your mts with five different input cases, 2 mark each, 10.00
2025/11/24 22:36:36 

[testExecMTSMultiple] Testing input case 1
2025/11/24 22:36:36 input.txt: 
W 6 7
e 10 6
E 2 10

2025/11/24 22:36:36 [COMMAND]: ./mts ../../../tests/test1/input.txt
2025/11/24 22:36:39 
2025/11/24 22:36:39 [testExecMTSMultiple] exec mts succeed and output.txt found
2025/11/24 22:36:39 Expected output: 
00:00:00.2 Train  2 is ready to go East
00:00:00.2 Train  2 is ON the main track going East
00:00:00.6 Train  0 is ready to go West
00:00:01.0 Train  1 is ready to go East
00:00:01.2 Train  2 is OFF the main track after going East
00:00:01.2 Train  0 is ON the main track going West
00:00:01.9 Train  0 is OFF the main track after going West
00:00:01.9 Train  1 is ON the main track going East
00:00:02.5 Train  1 is OFF the main track after going East

2025/11/24 22:36:39 [testExecMTSMultiple] output.txt content not match
2025/11/24 22:36:39 [testExecMTSMultiple] output.txt content not match even ignoring whitespace
2025/11/24 22:36:39 Actual output: 
Train  2 is ready to go East
Train  2 is ON the main track going East
Train  0 is ready to go West
Train  1 is ready to go East
Train  2 is OFF the main track after after going East
Train  0 is ON the main track going West
Train  0 is OFF the main track after after going West
Train  1 is ON the main track going East
Train  1 is OFF the main track after after going East
2025/11/24 22:36:39 Do you want to award mark for this test? (y/n or input a floating number between [0, 2.00]): 
2025/11/24 22:36:40 mark received: 1
2025/11/24 22:36:41 

[testExecMTSMultiple] Testing input case 2
2025/11/24 22:36:41 input.txt: 
w 1 3
W 2 1
E 3 1

2025/11/24 22:36:41 [COMMAND]: ./mts ../../../tests/test2/input.txt
2025/11/24 22:36:42 
2025/11/24 22:36:42 [testExecMTSMultiple] exec mts succeed and output.txt found
2025/11/24 22:36:42 Expected output: 
00:00:00.1 Train  0 is ready to go West
00:00:00.1 Train  0 is ON the main track going West
00:00:00.2 Train  1 is ready to go West
00:00:00.3 Train  2 is ready to go East
00:00:00.4 Train  0 is OFF the main track after going West
00:00:00.4 Train  2 is ON the main track going East
00:00:00.5 Train  2 is OFF the main track after going East
00:00:00.5 Train  1 is ON the main track going West
00:00:00.6 Train  1 is OFF the main track after going West
2025/11/24 22:36:42 [testExecMTSMultiple] output.txt content not match
2025/11/24 22:36:42 [testExecMTSMultiple] output.txt content not match even ignoring whitespace
2025/11/24 22:36:42 Actual output: 
Train  0 is ready to go West
Train  0 is ON the main track going West
Train  1 is ready to go West
Train  2 is ready to go East
Train  0 is OFF the main track after after going West
Train  2 is ON the main track going East
Train  2 is OFF the main track after after going East
Train  1 is ON the main track going West
Train  1 is OFF the main track after after going West
2025/11/24 22:36:42 Do you want to award mark for this test? (y/n or input a floating number between [0, 2.00]): 
2025/11/24 22:36:44 mark received: 1
2025/11/24 22:36:45 

[testExecMTSMultiple] Testing input case 3
2025/11/24 22:36:45 input.txt: 
w 1 3
e 2 1
E 3 1

2025/11/24 22:36:45 [COMMAND]: ./mts ../../../tests/test3/input.txt
2025/11/24 22:36:46 
2025/11/24 22:36:46 [testExecMTSMultiple] exec mts succeed and output.txt found
2025/11/24 22:36:46 Expected output: 
00:00:00.1 Train  0 is ready to go West
00:00:00.1 Train  0 is ON the main track going West
00:00:00.2 Train  1 is ready to go East
00:00:00.3 Train  2 is ready to go East
00:00:00.4 Train  0 is OFF the main track after going West
00:00:00.4 Train  2 is ON the main track going East
00:00:00.5 Train  2 is OFF the main track after going East
00:00:00.5 Train  1 is ON the main track going East
00:00:00.6 Train  1 is OFF the main track after going East
2025/11/24 22:36:46 [testExecMTSMultiple] output.txt content not match
2025/11/24 22:36:46 [testExecMTSMultiple] output.txt content not match even ignoring whitespace
2025/11/24 22:36:46 Actual output: 
Train  0 is ready to go West
Train  0 is ON the main track going West
Train  1 is ready to go East
Train  2 is ready to go East
Train  0 is OFF the main track after after going West
Train  1 is ON the main track going East
Train  1 is OFF the main track after after going East
Train  2 is ON the main track going East
Train  2 is OFF the main track after after going East
2025/11/24 22:36:46 Do you want to award mark for this test? (y/n or input a floating number between [0, 2.00]): 
2025/11/24 22:36:48 mark received: n
2025/11/24 22:36:49 

[testExecMTSMultiple] Testing input case 4
2025/11/24 22:36:49 input.txt: 
w 1 2
W 2 2
w 4 3
W 6 1

2025/11/24 22:36:49 [COMMAND]: ./mts ../../../tests/test4/input.txt
2025/11/24 22:36:50 
2025/11/24 22:36:50 [testExecMTSMultiple] exec mts succeed and output.txt found
2025/11/24 22:36:50 Expected output: 
00:00:00.1 Train  0 is ready to go West
00:00:00.1 Train  0 is ON the main track going West
00:00:00.2 Train  1 is ready to go West
00:00:00.3 Train  0 is OFF the main track after going West
00:00:00.3 Train  1 is ON the main track going West
00:00:00.4 Train  2 is ready to go West
00:00:00.5 Train  1 is OFF the main track after going West
00:00:00.5 Train  2 is ON the main track going West
00:00:00.6 Train  3 is ready to go West
00:00:00.8 Train  2 is OFF the main track after going West
00:00:00.8 Train  3 is ON the main track going West
00:00:00.9 Train  3 is OFF the main track after going West

2025/11/24 22:36:50 [testExecMTSMultiple] output.txt content not match
2025/11/24 22:36:50 [testExecMTSMultiple] output.txt content not match even ignoring whitespace
2025/11/24 22:36:50 Actual output: 
Train  0 is ready to go West
Train  0 is ON the main track going West
Train  1 is ready to go West
Train  0 is OFF the main track after after going West
Train  1 is ON the main track going West
Train  2 is ready to go West
Train  1 is OFF the main track after after going West
Train  2 is ON the main track going West
Train  3 is ready to go West
Train  2 is OFF the main track after after going West
Train  3 is ON the main track going West
Train  3 is OFF the main track after after going West
2025/11/24 22:36:50 Do you want to award mark for this test? (y/n or input a floating number between [0, 2.00]): 
2025/11/24 22:36:51 mark received: 1
2025/11/24 22:36:52 

[testExecMTSMultiple] Testing input case 5
2025/11/24 22:36:52 input.txt: 
e 1 1
E 3 2
w 6 2
W 9 4
e 14 1
E 16 1
w 18 1
W 20 1
e 22 1

2025/11/24 22:36:52 [COMMAND]: ./mts ../../../tests/test5/input.txt
2025/11/24 22:36:55 
2025/11/24 22:36:55 [testExecMTSMultiple] exec mts succeed and output.txt found
2025/11/24 22:36:55 Expected output: 
00:00:00.1 Train  0 is ready to go East
00:00:00.1 Train  0 is ON the main track going East
00:00:00.2 Train  0 is OFF the main track after going East
00:00:00.3 Train  1 is ready to go East
00:00:00.3 Train  1 is ON the main track going East
00:00:00.5 Train  1 is OFF the main track after going East
00:00:00.6 Train  2 is ready to go West
00:00:00.6 Train  2 is ON the main track going West
00:00:00.8 Train  2 is OFF the main track after going West
00:00:00.9 Train  3 is ready to go West
00:00:00.9 Train  3 is ON the main track going West
00:00:01.3 Train  3 is OFF the main track after going West
00:00:01.4 Train  4 is ready to go East
00:00:01.4 Train  4 is ON the main track going East
00:00:01.5 Train  4 is OFF the main track after going East
00:00:01.6 Train  5 is ready to go East
00:00:01.6 Train  5 is ON the main track going East
00:00:01.7 Train  5 is OFF the main track after going East
00:00:01.8 Train  6 is ready to go West
00:00:01.8 Train  6 is ON the main track going West
00:00:01.9 Train  6 is OFF the main track after going West
00:00:02.0 Train  7 is ready to go West
00:00:02.0 Train  7 is ON the main track going West
00:00:02.1 Train  7 is OFF the main track after going West
00:00:02.2 Train  8 is ready to go East
00:00:02.2 Train  8 is ON the main track going East
00:00:02.3 Train  8 is OFF the main track after going East

2025/11/24 22:36:55 [testExecMTSMultiple] output.txt content not match
2025/11/24 22:36:55 [testExecMTSMultiple] output.txt content not match even ignoring whitespace
2025/11/24 22:36:55 Actual output: 
Train  0 is ready to go East
Train  0 is ON the main track going East
Train  0 is OFF the main track after after going East
Train  1 is ready to go East
Train  1 is ON the main track going East
Train  1 is OFF the main track after after going East
Train  2 is ready to go West
Train  2 is ON the main track going West
Train  2 is OFF the main track after after going West
Train  3 is ready to go West
Train  3 is ON the main track going West
Train  3 is OFF the main track after after going West
Train  4 is ready to go East
Train  4 is ON the main track going East
Train  4 is OFF the main track after after going East
Train  5 is ready to go East
Train  5 is ON the main track going East
Train  5 is OFF the main track after after going East
Train  6 is ready to go West
Train  6 is ON the main track going West
Train  6 is OFF the main track after after going West
Train  7 is ready to go West
Train  7 is ON the main track going West
Train  7 is OFF the main track after after going West
Train  8 is ready to go East
Train  8 is ON the main track going East
Train  8 is OFF the main track after after going East
2025/11/24 22:36:55 Do you want to award mark for this test? (y/n or input a floating number between [0, 2.00]): 
2025/11/24 22:36:58 mark received: 1
2025/11/24 22:36:59 No deadlock happened, all tests finished within 1 minute, awarding 1.0 marks
2025/11/24 22:36:59 ==== Test name: testExecMTSMultiple, Mark received: 5.00 ====

2025/11/24 22:37:00 
==== Final Grade: 9.000000====
